[0.110s] DEBUG:colcon:Command line arguments: ['/usr/bin/colcon', 'build']
[0.110s] DEBUG:colcon:Parsed command line arguments: Namespace(log_base=None, log_level=None, verb_name='build', build_base='build', install_base='install', merge_install=False, symlink_install=False, test_result_base=None, continue_on_error=False, executor='parallel', parallel_workers=4, event_handlers=None, ignore_user_meta=False, metas=['./colcon.meta'], base_paths=['.'], packages_ignore=None, packages_ignore_regex=None, paths=None, packages_up_to=None, packages_up_to_regex=None, packages_above=None, packages_above_and_dependencies=None, packages_above_depth=None, packages_select_by_dep=None, packages_skip_by_dep=None, packages_skip_up_to=None, packages_select_build_failed=False, packages_skip_build_finished=False, packages_select_test_failures=False, packages_skip_test_passed=False, packages_select=None, packages_skip=None, packages_select_regex=None, packages_skip_regex=None, packages_start=None, packages_end=None, allow_overriding=[], cmake_args=None, cmake_target=None, cmake_target_skip_unavailable=False, cmake_clean_cache=False, cmake_clean_first=False, cmake_force_configure=False, ament_cmake_args=None, catkin_cmake_args=None, catkin_skip_building_tests=False, mixin_files=None, mixin=None, verb_parser=<colcon_mixin.mixin.mixin_argument.MixinArgumentDecorator object at 0x7ad7c69530b0>, verb_extension=<colcon_core.verb.build.BuildVerb object at 0x7ad7c68ed0a0>, main=<bound method BuildVerb.main of <colcon_core.verb.build.BuildVerb object at 0x7ad7c68ed0a0>>, mixin_verb=('build',))
[0.147s] Level 1:colcon.colcon_core.package_discovery:discover_packages(colcon_meta) check parameters
[0.147s] Level 1:colcon.colcon_core.package_discovery:discover_packages(recursive) check parameters
[0.147s] Level 1:colcon.colcon_core.package_discovery:discover_packages(ignore) check parameters
[0.147s] Level 1:colcon.colcon_core.package_discovery:discover_packages(path) check parameters
[0.147s] Level 1:colcon.colcon_core.package_discovery:discover_packages(colcon_meta) discover
[0.147s] Level 1:colcon.colcon_core.package_discovery:discover_packages(recursive) discover
[0.147s] INFO:colcon.colcon_core.package_discovery:Crawling recursively for packages in '/home/don/noirbot_ws/src'
[0.147s] Level 1:colcon.colcon_core.package_identification:_identify(.) by extensions ['ignore', 'ignore_ament_install']
[0.147s] Level 1:colcon.colcon_core.package_identification:_identify(.) by extension 'ignore'
[0.147s] Level 1:colcon.colcon_core.package_identification:_identify(.) by extension 'ignore_ament_install'
[0.147s] Level 1:colcon.colcon_core.package_identification:_identify(.) by extensions ['colcon_pkg']
[0.147s] Level 1:colcon.colcon_core.package_identification:_identify(.) by extension 'colcon_pkg'
[0.147s] Level 1:colcon.colcon_core.package_identification:_identify(.) by extensions ['colcon_meta']
[0.147s] Level 1:colcon.colcon_core.package_identification:_identify(.) by extension 'colcon_meta'
[0.147s] Level 1:colcon.colcon_core.package_identification:_identify(.) by extensions ['ros']
[0.147s] Level 1:colcon.colcon_core.package_identification:_identify(.) by extension 'ros'
[0.173s] Level 1:colcon.colcon_core.package_identification:_identify(.) by extensions ['cmake', 'python']
[0.173s] Level 1:colcon.colcon_core.package_identification:_identify(.) by extension 'cmake'
[0.173s] Level 1:colcon.colcon_core.package_identification:_identify(.) by extension 'python'
[0.173s] Level 1:colcon.colcon_core.package_identification:_identify(.) by extensions ['python_setup_py']
[0.173s] Level 1:colcon.colcon_core.package_identification:_identify(.) by extension 'python_setup_py'
[0.173s] Level 1:colcon.colcon_core.package_identification:_identify(build) by extensions ['ignore', 'ignore_ament_install']
[0.173s] Level 1:colcon.colcon_core.package_identification:_identify(build) by extension 'ignore'
[0.173s] Level 1:colcon.colcon_core.package_identification:_identify(build) ignored
[0.173s] Level 1:colcon.colcon_core.package_identification:_identify(install) by extensions ['ignore', 'ignore_ament_install']
[0.173s] Level 1:colcon.colcon_core.package_identification:_identify(install) by extension 'ignore'
[0.173s] Level 1:colcon.colcon_core.package_identification:_identify(install) ignored
[0.173s] Level 1:colcon.colcon_core.package_identification:_identify(log) by extensions ['ignore', 'ignore_ament_install']
[0.173s] Level 1:colcon.colcon_core.package_identification:_identify(log) by extension 'ignore'
[0.174s] Level 1:colcon.colcon_core.package_identification:_identify(log) ignored
[0.174s] Level 1:colcon.colcon_core.package_identification:_identify(noirbot_bringup) by extensions ['ignore', 'ignore_ament_install']
[0.174s] Level 1:colcon.colcon_core.package_identification:_identify(noirbot_bringup) by extension 'ignore'
[0.174s] Level 1:colcon.colcon_core.package_identification:_identify(noirbot_bringup) by extension 'ignore_ament_install'
[0.174s] Level 1:colcon.colcon_core.package_identification:_identify(noirbot_bringup) by extensions ['colcon_pkg']
[0.174s] Level 1:colcon.colcon_core.package_identification:_identify(noirbot_bringup) by extension 'colcon_pkg'
[0.174s] Level 1:colcon.colcon_core.package_identification:_identify(noirbot_bringup) by extensions ['colcon_meta']
[0.174s] Level 1:colcon.colcon_core.package_identification:_identify(noirbot_bringup) by extension 'colcon_meta'
[0.174s] Level 1:colcon.colcon_core.package_identification:_identify(noirbot_bringup) by extensions ['ros']
[0.174s] Level 1:colcon.colcon_core.package_identification:_identify(noirbot_bringup) by extension 'ros'
[0.176s] DEBUG:colcon.colcon_core.package_identification:Package 'noirbot_bringup' with type 'ros.ament_cmake' and name 'noirbot_bringup'
[0.176s] Level 1:colcon.colcon_core.package_identification:_identify(noirbot_description) by extensions ['ignore', 'ignore_ament_install']
[0.176s] Level 1:colcon.colcon_core.package_identification:_identify(noirbot_description) by extension 'ignore'
[0.176s] Level 1:colcon.colcon_core.package_identification:_identify(noirbot_description) by extension 'ignore_ament_install'
[0.176s] Level 1:colcon.colcon_core.package_identification:_identify(noirbot_description) by extensions ['colcon_pkg']
[0.176s] Level 1:colcon.colcon_core.package_identification:_identify(noirbot_description) by extension 'colcon_pkg'
[0.176s] Level 1:colcon.colcon_core.package_identification:_identify(noirbot_description) by extensions ['colcon_meta']
[0.176s] Level 1:colcon.colcon_core.package_identification:_identify(noirbot_description) by extension 'colcon_meta'
[0.177s] Level 1:colcon.colcon_core.package_identification:_identify(noirbot_description) by extensions ['ros']
[0.177s] Level 1:colcon.colcon_core.package_identification:_identify(noirbot_description) by extension 'ros'
[0.177s] DEBUG:colcon.colcon_core.package_identification:Package 'noirbot_description' with type 'ros.ament_cmake' and name 'noirbot_description'
[0.177s] Level 1:colcon.colcon_core.package_identification:_identify(noirbot_firmware) by extensions ['ignore', 'ignore_ament_install']
[0.177s] Level 1:colcon.colcon_core.package_identification:_identify(noirbot_firmware) by extension 'ignore'
[0.177s] Level 1:colcon.colcon_core.package_identification:_identify(noirbot_firmware) by extension 'ignore_ament_install'
[0.177s] Level 1:colcon.colcon_core.package_identification:_identify(noirbot_firmware) by extensions ['colcon_pkg']
[0.177s] Level 1:colcon.colcon_core.package_identification:_identify(noirbot_firmware) by extension 'colcon_pkg'
[0.177s] Level 1:colcon.colcon_core.package_identification:_identify(noirbot_firmware) by extensions ['colcon_meta']
[0.177s] Level 1:colcon.colcon_core.package_identification:_identify(noirbot_firmware) by extension 'colcon_meta'
[0.177s] Level 1:colcon.colcon_core.package_identification:_identify(noirbot_firmware) by extensions ['ros']
[0.177s] Level 1:colcon.colcon_core.package_identification:_identify(noirbot_firmware) by extension 'ros'
[0.178s] DEBUG:colcon.colcon_core.package_identification:Package 'noirbot_firmware' with type 'ros.ament_cmake' and name 'noirbot_firmware'
[0.178s] Level 1:colcon.colcon_core.package_discovery:discover_packages(recursive) using defaults
[0.178s] Level 1:colcon.colcon_core.package_discovery:discover_packages(ignore) discover
[0.178s] Level 1:colcon.colcon_core.package_discovery:discover_packages(ignore) using defaults
[0.178s] Level 1:colcon.colcon_core.package_discovery:discover_packages(path) discover
[0.178s] Level 1:colcon.colcon_core.package_discovery:discover_packages(path) using defaults
[0.196s] Level 1:colcon.colcon_core.package_discovery:discover_packages(prefix_path) check parameters
[0.196s] Level 1:colcon.colcon_core.package_discovery:discover_packages(prefix_path) discover
[0.199s] DEBUG:colcon.colcon_installed_package_information.package_discovery:Found 514 installed packages in /opt/ros/jazzy
[0.201s] Level 1:colcon.colcon_core.package_discovery:discover_packages(prefix_path) using defaults
[0.283s] Level 5:colcon.colcon_core.verb:set package 'noirbot_bringup' build argument 'cmake_args' from command line to 'None'
[0.283s] Level 5:colcon.colcon_core.verb:set package 'noirbot_bringup' build argument 'cmake_target' from command line to 'None'
[0.283s] Level 5:colcon.colcon_core.verb:set package 'noirbot_bringup' build argument 'cmake_target_skip_unavailable' from command line to 'False'
[0.283s] Level 5:colcon.colcon_core.verb:set package 'noirbot_bringup' build argument 'cmake_clean_cache' from command line to 'False'
[0.283s] Level 5:colcon.colcon_core.verb:set package 'noirbot_bringup' build argument 'cmake_clean_first' from command line to 'False'
[0.283s] Level 5:colcon.colcon_core.verb:set package 'noirbot_bringup' build argument 'cmake_force_configure' from command line to 'False'
[0.283s] Level 5:colcon.colcon_core.verb:set package 'noirbot_bringup' build argument 'ament_cmake_args' from command line to 'None'
[0.283s] Level 5:colcon.colcon_core.verb:set package 'noirbot_bringup' build argument 'catkin_cmake_args' from command line to 'None'
[0.283s] Level 5:colcon.colcon_core.verb:set package 'noirbot_bringup' build argument 'catkin_skip_building_tests' from command line to 'False'
[0.283s] DEBUG:colcon.colcon_core.verb:Building package 'noirbot_bringup' with the following arguments: {'ament_cmake_args': None, 'build_base': '/home/don/noirbot_ws/src/build/noirbot_bringup', 'catkin_cmake_args': None, 'catkin_skip_building_tests': False, 'cmake_args': None, 'cmake_clean_cache': False, 'cmake_clean_first': False, 'cmake_force_configure': False, 'cmake_target': None, 'cmake_target_skip_unavailable': False, 'install_base': '/home/don/noirbot_ws/src/install/noirbot_bringup', 'merge_install': False, 'path': '/home/don/noirbot_ws/src/noirbot_bringup', 'symlink_install': False, 'test_result_base': None}
[0.283s] Level 5:colcon.colcon_core.verb:set package 'noirbot_description' build argument 'cmake_args' from command line to 'None'
[0.283s] Level 5:colcon.colcon_core.verb:set package 'noirbot_description' build argument 'cmake_target' from command line to 'None'
[0.283s] Level 5:colcon.colcon_core.verb:set package 'noirbot_description' build argument 'cmake_target_skip_unavailable' from command line to 'False'
[0.283s] Level 5:colcon.colcon_core.verb:set package 'noirbot_description' build argument 'cmake_clean_cache' from command line to 'False'
[0.284s] Level 5:colcon.colcon_core.verb:set package 'noirbot_description' build argument 'cmake_clean_first' from command line to 'False'
[0.284s] Level 5:colcon.colcon_core.verb:set package 'noirbot_description' build argument 'cmake_force_configure' from command line to 'False'
[0.284s] Level 5:colcon.colcon_core.verb:set package 'noirbot_description' build argument 'ament_cmake_args' from command line to 'None'
[0.284s] Level 5:colcon.colcon_core.verb:set package 'noirbot_description' build argument 'catkin_cmake_args' from command line to 'None'
[0.284s] Level 5:colcon.colcon_core.verb:set package 'noirbot_description' build argument 'catkin_skip_building_tests' from command line to 'False'
[0.284s] DEBUG:colcon.colcon_core.verb:Building package 'noirbot_description' with the following arguments: {'ament_cmake_args': None, 'build_base': '/home/don/noirbot_ws/src/build/noirbot_description', 'catkin_cmake_args': None, 'catkin_skip_building_tests': False, 'cmake_args': None, 'cmake_clean_cache': False, 'cmake_clean_first': False, 'cmake_force_configure': False, 'cmake_target': None, 'cmake_target_skip_unavailable': False, 'install_base': '/home/don/noirbot_ws/src/install/noirbot_description', 'merge_install': False, 'path': '/home/don/noirbot_ws/src/noirbot_description', 'symlink_install': False, 'test_result_base': None}
[0.284s] Level 5:colcon.colcon_core.verb:set package 'noirbot_firmware' build argument 'cmake_args' from command line to 'None'
[0.284s] Level 5:colcon.colcon_core.verb:set package 'noirbot_firmware' build argument 'cmake_target' from command line to 'None'
[0.284s] Level 5:colcon.colcon_core.verb:set package 'noirbot_firmware' build argument 'cmake_target_skip_unavailable' from command line to 'False'
[0.284s] Level 5:colcon.colcon_core.verb:set package 'noirbot_firmware' build argument 'cmake_clean_cache' from command line to 'False'
[0.284s] Level 5:colcon.colcon_core.verb:set package 'noirbot_firmware' build argument 'cmake_clean_first' from command line to 'False'
[0.284s] Level 5:colcon.colcon_core.verb:set package 'noirbot_firmware' build argument 'cmake_force_configure' from command line to 'False'
[0.284s] Level 5:colcon.colcon_core.verb:set package 'noirbot_firmware' build argument 'ament_cmake_args' from command line to 'None'
[0.284s] Level 5:colcon.colcon_core.verb:set package 'noirbot_firmware' build argument 'catkin_cmake_args' from command line to 'None'
[0.284s] Level 5:colcon.colcon_core.verb:set package 'noirbot_firmware' build argument 'catkin_skip_building_tests' from command line to 'False'
[0.284s] DEBUG:colcon.colcon_core.verb:Building package 'noirbot_firmware' with the following arguments: {'ament_cmake_args': None, 'build_base': '/home/don/noirbot_ws/src/build/noirbot_firmware', 'catkin_cmake_args': None, 'catkin_skip_building_tests': False, 'cmake_args': None, 'cmake_clean_cache': False, 'cmake_clean_first': False, 'cmake_force_configure': False, 'cmake_target': None, 'cmake_target_skip_unavailable': False, 'install_base': '/home/don/noirbot_ws/src/install/noirbot_firmware', 'merge_install': False, 'path': '/home/don/noirbot_ws/src/noirbot_firmware', 'symlink_install': False, 'test_result_base': None}
[0.284s] INFO:colcon.colcon_core.executor:Executing jobs using 'parallel' executor
[0.285s] DEBUG:colcon.colcon_parallel_executor.executor.parallel:run_until_complete
[0.285s] INFO:colcon.colcon_ros.task.ament_cmake.build:Building ROS package in '/home/don/noirbot_ws/src/noirbot_bringup' with build type 'ament_cmake'
[0.285s] INFO:colcon.colcon_cmake.task.cmake.build:Building CMake package in '/home/don/noirbot_ws/src/noirbot_bringup'
[0.288s] INFO:colcon.colcon_core.plugin_system:Skipping extension 'colcon_core.shell.bat': Not used on non-Windows systems
[0.288s] INFO:colcon.colcon_core.shell:Skip shell extension 'powershell' for command environment: Not usable outside of PowerShell
[0.289s] DEBUG:colcon.colcon_core.shell:Skip shell extension 'dsv' for command environment
[0.295s] INFO:colcon.colcon_ros.task.ament_cmake.build:Building ROS package in '/home/don/noirbot_ws/src/noirbot_description' with build type 'ament_cmake'
[0.295s] INFO:colcon.colcon_cmake.task.cmake.build:Building CMake package in '/home/don/noirbot_ws/src/noirbot_description'
[0.295s] INFO:colcon.colcon_core.shell:Skip shell extension 'powershell' for command environment: Not usable outside of PowerShell
[0.295s] DEBUG:colcon.colcon_core.shell:Skip shell extension 'dsv' for command environment
[0.299s] INFO:colcon.colcon_ros.task.ament_cmake.build:Building ROS package in '/home/don/noirbot_ws/src/noirbot_firmware' with build type 'ament_cmake'
[0.300s] INFO:colcon.colcon_cmake.task.cmake.build:Building CMake package in '/home/don/noirbot_ws/src/noirbot_firmware'
[0.300s] INFO:colcon.colcon_core.shell:Skip shell extension 'powershell' for command environment: Not usable outside of PowerShell
[0.300s] DEBUG:colcon.colcon_core.shell:Skip shell extension 'dsv' for command environment
[0.308s] DEBUG:colcon.colcon_core.event_handler.log_command:Invoking command in '/home/don/noirbot_ws/src/build/noirbot_bringup': CMAKE_PREFIX_PATH=${CMAKE_PREFIX_PATH}:/opt/ros/jazzy DEBUGINFOD_URLS=https://debuginfod.ubuntu.com /usr/bin/cmake /home/don/noirbot_ws/src/noirbot_bringup -DCMAKE_INSTALL_PREFIX=/home/don/noirbot_ws/src/install/noirbot_bringup
[0.312s] DEBUG:colcon.colcon_core.event_handler.log_command:Invoking command in '/home/don/noirbot_ws/src/build/noirbot_description': CMAKE_PREFIX_PATH=${CMAKE_PREFIX_PATH}:/opt/ros/jazzy DEBUGINFOD_URLS=https://debuginfod.ubuntu.com /usr/bin/cmake /home/don/noirbot_ws/src/noirbot_description -DCMAKE_INSTALL_PREFIX=/home/don/noirbot_ws/src/install/noirbot_description
[0.317s] DEBUG:colcon.colcon_core.event_handler.log_command:Invoking command in '/home/don/noirbot_ws/src/build/noirbot_firmware': CMAKE_PREFIX_PATH=${CMAKE_PREFIX_PATH}:/opt/ros/jazzy DEBUGINFOD_URLS=https://debuginfod.ubuntu.com /usr/bin/cmake /home/don/noirbot_ws/src/noirbot_firmware -DCMAKE_INSTALL_PREFIX=/home/don/noirbot_ws/src/install/noirbot_firmware
[1.305s] DEBUG:colcon.colcon_core.event_handler.log_command:Invoked command in '/home/don/noirbot_ws/src/build/noirbot_description' returned '0': CMAKE_PREFIX_PATH=${CMAKE_PREFIX_PATH}:/opt/ros/jazzy DEBUGINFOD_URLS=https://debuginfod.ubuntu.com /usr/bin/cmake /home/don/noirbot_ws/src/noirbot_description -DCMAKE_INSTALL_PREFIX=/home/don/noirbot_ws/src/install/noirbot_description
[1.307s] DEBUG:colcon.colcon_core.event_handler.log_command:Invoking command in '/home/don/noirbot_ws/src/build/noirbot_description': CMAKE_PREFIX_PATH=${CMAKE_PREFIX_PATH}:/opt/ros/jazzy DEBUGINFOD_URLS=https://debuginfod.ubuntu.com /usr/bin/cmake --build /home/don/noirbot_ws/src/build/noirbot_description -- -j4 -l4
[1.310s] DEBUG:colcon.colcon_core.event_handler.log_command:Invoked command in '/home/don/noirbot_ws/src/build/noirbot_bringup' returned '0': CMAKE_PREFIX_PATH=${CMAKE_PREFIX_PATH}:/opt/ros/jazzy DEBUGINFOD_URLS=https://debuginfod.ubuntu.com /usr/bin/cmake /home/don/noirbot_ws/src/noirbot_bringup -DCMAKE_INSTALL_PREFIX=/home/don/noirbot_ws/src/install/noirbot_bringup
[1.311s] DEBUG:colcon.colcon_core.event_handler.log_command:Invoking command in '/home/don/noirbot_ws/src/build/noirbot_bringup': CMAKE_PREFIX_PATH=${CMAKE_PREFIX_PATH}:/opt/ros/jazzy DEBUGINFOD_URLS=https://debuginfod.ubuntu.com /usr/bin/cmake --build /home/don/noirbot_ws/src/build/noirbot_bringup -- -j4 -l4
[1.353s] DEBUG:colcon.colcon_core.event_handler.log_command:Invoked command in '/home/don/noirbot_ws/src/build/noirbot_description' returned '0': CMAKE_PREFIX_PATH=${CMAKE_PREFIX_PATH}:/opt/ros/jazzy DEBUGINFOD_URLS=https://debuginfod.ubuntu.com /usr/bin/cmake --build /home/don/noirbot_ws/src/build/noirbot_description -- -j4 -l4
[1.364s] DEBUG:colcon.colcon_core.event_handler.log_command:Invoking command in '/home/don/noirbot_ws/src/build/noirbot_description': CMAKE_PREFIX_PATH=${CMAKE_PREFIX_PATH}:/opt/ros/jazzy DEBUGINFOD_URLS=https://debuginfod.ubuntu.com /usr/bin/cmake --install /home/don/noirbot_ws/src/build/noirbot_description
[1.365s] DEBUG:colcon.colcon_core.event_handler.log_command:Invoked command in '/home/don/noirbot_ws/src/build/noirbot_bringup' returned '0': CMAKE_PREFIX_PATH=${CMAKE_PREFIX_PATH}:/opt/ros/jazzy DEBUGINFOD_URLS=https://debuginfod.ubuntu.com /usr/bin/cmake --build /home/don/noirbot_ws/src/build/noirbot_bringup -- -j4 -l4
[1.366s] DEBUG:colcon.colcon_core.event_handler.log_command:Invoking command in '/home/don/noirbot_ws/src/build/noirbot_bringup': CMAKE_PREFIX_PATH=${CMAKE_PREFIX_PATH}:/opt/ros/jazzy DEBUGINFOD_URLS=https://debuginfod.ubuntu.com /usr/bin/cmake --install /home/don/noirbot_ws/src/build/noirbot_bringup
[1.380s] Level 1:colcon.colcon_core.environment:create_environment_scripts_only(noirbot_bringup)
[1.380s] DEBUG:colcon.colcon_core.event_handler.log_command:Invoked command in '/home/don/noirbot_ws/src/build/noirbot_bringup' returned '0': CMAKE_PREFIX_PATH=${CMAKE_PREFIX_PATH}:/opt/ros/jazzy DEBUGINFOD_URLS=https://debuginfod.ubuntu.com /usr/bin/cmake --install /home/don/noirbot_ws/src/build/noirbot_bringup
[1.383s] Level 1:colcon.colcon_core.environment:checking '/home/don/noirbot_ws/src/install/noirbot_bringup' for CMake module files
[1.384s] Level 1:colcon.colcon_core.environment:checking '/home/don/noirbot_ws/src/install/noirbot_bringup' for CMake config files
[1.384s] Level 1:colcon.colcon_core.shell:create_environment_hook('noirbot_bringup', 'cmake_prefix_path')
[1.385s] INFO:colcon.colcon_core.shell:Creating environment hook '/home/don/noirbot_ws/src/install/noirbot_bringup/share/noirbot_bringup/hook/cmake_prefix_path.ps1'
[1.385s] INFO:colcon.colcon_core.shell:Creating environment descriptor '/home/don/noirbot_ws/src/install/noirbot_bringup/share/noirbot_bringup/hook/cmake_prefix_path.dsv'
[1.386s] INFO:colcon.colcon_core.shell:Creating environment hook '/home/don/noirbot_ws/src/install/noirbot_bringup/share/noirbot_bringup/hook/cmake_prefix_path.sh'
[1.387s] Level 1:colcon.colcon_core.environment:checking '/home/don/noirbot_ws/src/install/noirbot_bringup/bin'
[1.387s] Level 1:colcon.colcon_core.environment:checking '/home/don/noirbot_ws/src/install/noirbot_bringup/lib/pkgconfig/noirbot_bringup.pc'
[1.387s] Level 1:colcon.colcon_core.environment:checking '/home/don/noirbot_ws/src/install/noirbot_bringup/lib/python3.12/site-packages'
[1.388s] Level 1:colcon.colcon_core.environment:checking '/home/don/noirbot_ws/src/install/noirbot_bringup/bin'
[1.388s] INFO:colcon.colcon_core.shell:Creating package script '/home/don/noirbot_ws/src/install/noirbot_bringup/share/noirbot_bringup/package.ps1'
[1.389s] INFO:colcon.colcon_core.shell:Creating package descriptor '/home/don/noirbot_ws/src/install/noirbot_bringup/share/noirbot_bringup/package.dsv'
[1.390s] INFO:colcon.colcon_core.shell:Creating package script '/home/don/noirbot_ws/src/install/noirbot_bringup/share/noirbot_bringup/package.sh'
[1.391s] INFO:colcon.colcon_core.shell:Creating package script '/home/don/noirbot_ws/src/install/noirbot_bringup/share/noirbot_bringup/package.bash'
[1.395s] INFO:colcon.colcon_core.shell:Creating package script '/home/don/noirbot_ws/src/install/noirbot_bringup/share/noirbot_bringup/package.zsh'
[1.396s] Level 1:colcon.colcon_core.environment:create_file_with_runtime_dependencies(/home/don/noirbot_ws/src/install/noirbot_bringup/share/colcon-core/packages/noirbot_bringup)
[1.397s] Level 1:colcon.colcon_core.environment:create_environment_scripts_only(noirbot_bringup)
[1.397s] Level 1:colcon.colcon_core.environment:checking '/home/don/noirbot_ws/src/install/noirbot_bringup' for CMake module files
[1.399s] Level 1:colcon.colcon_core.environment:checking '/home/don/noirbot_ws/src/install/noirbot_bringup' for CMake config files
[1.400s] Level 1:colcon.colcon_core.shell:create_environment_hook('noirbot_bringup', 'cmake_prefix_path')
[1.400s] INFO:colcon.colcon_core.shell:Creating environment hook '/home/don/noirbot_ws/src/install/noirbot_bringup/share/noirbot_bringup/hook/cmake_prefix_path.ps1'
[1.402s] INFO:colcon.colcon_core.shell:Creating environment descriptor '/home/don/noirbot_ws/src/install/noirbot_bringup/share/noirbot_bringup/hook/cmake_prefix_path.dsv'
[1.402s] INFO:colcon.colcon_core.shell:Creating environment hook '/home/don/noirbot_ws/src/install/noirbot_bringup/share/noirbot_bringup/hook/cmake_prefix_path.sh'
[1.403s] Level 1:colcon.colcon_core.environment:checking '/home/don/noirbot_ws/src/install/noirbot_bringup/bin'
[1.403s] Level 1:colcon.colcon_core.environment:checking '/home/don/noirbot_ws/src/install/noirbot_bringup/lib/pkgconfig/noirbot_bringup.pc'
[1.403s] Level 1:colcon.colcon_core.environment:checking '/home/don/noirbot_ws/src/install/noirbot_bringup/lib/python3.12/site-packages'
[1.404s] Level 1:colcon.colcon_core.environment:checking '/home/don/noirbot_ws/src/install/noirbot_bringup/bin'
[1.404s] INFO:colcon.colcon_core.shell:Creating package script '/home/don/noirbot_ws/src/install/noirbot_bringup/share/noirbot_bringup/package.ps1'
[1.405s] INFO:colcon.colcon_core.shell:Creating package descriptor '/home/don/noirbot_ws/src/install/noirbot_bringup/share/noirbot_bringup/package.dsv'
[1.405s] INFO:colcon.colcon_core.shell:Creating package script '/home/don/noirbot_ws/src/install/noirbot_bringup/share/noirbot_bringup/package.sh'
[1.406s] INFO:colcon.colcon_core.shell:Creating package script '/home/don/noirbot_ws/src/install/noirbot_bringup/share/noirbot_bringup/package.bash'
[1.406s] INFO:colcon.colcon_core.shell:Creating package script '/home/don/noirbot_ws/src/install/noirbot_bringup/share/noirbot_bringup/package.zsh'
[1.407s] Level 1:colcon.colcon_core.environment:create_file_with_runtime_dependencies(/home/don/noirbot_ws/src/install/noirbot_bringup/share/colcon-core/packages/noirbot_bringup)
[1.408s] Level 1:colcon.colcon_core.environment:create_environment_scripts_only(noirbot_description)
[1.408s] Level 1:colcon.colcon_core.environment:checking '/home/don/noirbot_ws/src/install/noirbot_description' for CMake module files
[1.408s] DEBUG:colcon.colcon_core.event_handler.log_command:Invoked command in '/home/don/noirbot_ws/src/build/noirbot_description' returned '0': CMAKE_PREFIX_PATH=${CMAKE_PREFIX_PATH}:/opt/ros/jazzy DEBUGINFOD_URLS=https://debuginfod.ubuntu.com /usr/bin/cmake --install /home/don/noirbot_ws/src/build/noirbot_description
[1.409s] Level 1:colcon.colcon_core.environment:checking '/home/don/noirbot_ws/src/install/noirbot_description' for CMake config files
[1.409s] Level 1:colcon.colcon_core.shell:create_environment_hook('noirbot_description', 'cmake_prefix_path')
[1.409s] INFO:colcon.colcon_core.shell:Creating environment hook '/home/don/noirbot_ws/src/install/noirbot_description/share/noirbot_description/hook/cmake_prefix_path.ps1'
[1.410s] INFO:colcon.colcon_core.shell:Creating environment descriptor '/home/don/noirbot_ws/src/install/noirbot_description/share/noirbot_description/hook/cmake_prefix_path.dsv'
[1.410s] INFO:colcon.colcon_core.shell:Creating environment hook '/home/don/noirbot_ws/src/install/noirbot_description/share/noirbot_description/hook/cmake_prefix_path.sh'
[1.411s] Level 1:colcon.colcon_core.environment:checking '/home/don/noirbot_ws/src/install/noirbot_description/bin'
[1.411s] Level 1:colcon.colcon_core.environment:checking '/home/don/noirbot_ws/src/install/noirbot_description/lib/pkgconfig/noirbot_description.pc'
[1.411s] Level 1:colcon.colcon_core.environment:checking '/home/don/noirbot_ws/src/install/noirbot_description/lib/python3.12/site-packages'
[1.412s] Level 1:colcon.colcon_core.environment:checking '/home/don/noirbot_ws/src/install/noirbot_description/bin'
[1.412s] INFO:colcon.colcon_core.shell:Creating package script '/home/don/noirbot_ws/src/install/noirbot_description/share/noirbot_description/package.ps1'
[1.413s] INFO:colcon.colcon_core.shell:Creating package descriptor '/home/don/noirbot_ws/src/install/noirbot_description/share/noirbot_description/package.dsv'
[1.413s] INFO:colcon.colcon_core.shell:Creating package script '/home/don/noirbot_ws/src/install/noirbot_description/share/noirbot_description/package.sh'
[1.414s] INFO:colcon.colcon_core.shell:Creating package script '/home/don/noirbot_ws/src/install/noirbot_description/share/noirbot_description/package.bash'
[1.415s] INFO:colcon.colcon_core.shell:Creating package script '/home/don/noirbot_ws/src/install/noirbot_description/share/noirbot_description/package.zsh'
[1.415s] Level 1:colcon.colcon_core.environment:create_file_with_runtime_dependencies(/home/don/noirbot_ws/src/install/noirbot_description/share/colcon-core/packages/noirbot_description)
[1.416s] Level 1:colcon.colcon_core.environment:create_environment_scripts_only(noirbot_description)
[1.416s] Level 1:colcon.colcon_core.environment:checking '/home/don/noirbot_ws/src/install/noirbot_description' for CMake module files
[1.416s] Level 1:colcon.colcon_core.environment:checking '/home/don/noirbot_ws/src/install/noirbot_description' for CMake config files
[1.417s] Level 1:colcon.colcon_core.shell:create_environment_hook('noirbot_description', 'cmake_prefix_path')
[1.417s] INFO:colcon.colcon_core.shell:Creating environment hook '/home/don/noirbot_ws/src/install/noirbot_description/share/noirbot_description/hook/cmake_prefix_path.ps1'
[1.417s] INFO:colcon.colcon_core.shell:Creating environment descriptor '/home/don/noirbot_ws/src/install/noirbot_description/share/noirbot_description/hook/cmake_prefix_path.dsv'
[1.418s] INFO:colcon.colcon_core.shell:Creating environment hook '/home/don/noirbot_ws/src/install/noirbot_description/share/noirbot_description/hook/cmake_prefix_path.sh'
[1.418s] Level 1:colcon.colcon_core.environment:checking '/home/don/noirbot_ws/src/install/noirbot_description/bin'
[1.418s] Level 1:colcon.colcon_core.environment:checking '/home/don/noirbot_ws/src/install/noirbot_description/lib/pkgconfig/noirbot_description.pc'
[1.419s] Level 1:colcon.colcon_core.environment:checking '/home/don/noirbot_ws/src/install/noirbot_description/lib/python3.12/site-packages'
[1.419s] Level 1:colcon.colcon_core.environment:checking '/home/don/noirbot_ws/src/install/noirbot_description/bin'
[1.419s] INFO:colcon.colcon_core.shell:Creating package script '/home/don/noirbot_ws/src/install/noirbot_description/share/noirbot_description/package.ps1'
[1.420s] INFO:colcon.colcon_core.shell:Creating package descriptor '/home/don/noirbot_ws/src/install/noirbot_description/share/noirbot_description/package.dsv'
[1.420s] INFO:colcon.colcon_core.shell:Creating package script '/home/don/noirbot_ws/src/install/noirbot_description/share/noirbot_description/package.sh'
[1.421s] INFO:colcon.colcon_core.shell:Creating package script '/home/don/noirbot_ws/src/install/noirbot_description/share/noirbot_description/package.bash'
[1.421s] INFO:colcon.colcon_core.shell:Creating package script '/home/don/noirbot_ws/src/install/noirbot_description/share/noirbot_description/package.zsh'
[1.422s] Level 1:colcon.colcon_core.environment:create_file_with_runtime_dependencies(/home/don/noirbot_ws/src/install/noirbot_description/share/colcon-core/packages/noirbot_description)
[2.245s] DEBUG:colcon.colcon_core.event_handler.log_command:Invoked command in '/home/don/noirbot_ws/src/build/noirbot_firmware' returned '0': CMAKE_PREFIX_PATH=${CMAKE_PREFIX_PATH}:/opt/ros/jazzy DEBUGINFOD_URLS=https://debuginfod.ubuntu.com /usr/bin/cmake /home/don/noirbot_ws/src/noirbot_firmware -DCMAKE_INSTALL_PREFIX=/home/don/noirbot_ws/src/install/noirbot_firmware
[2.246s] DEBUG:colcon.colcon_core.event_handler.log_command:Invoking command in '/home/don/noirbot_ws/src/build/noirbot_firmware': CMAKE_PREFIX_PATH=${CMAKE_PREFIX_PATH}:/opt/ros/jazzy DEBUGINFOD_URLS=https://debuginfod.ubuntu.com /usr/bin/cmake --build /home/don/noirbot_ws/src/build/noirbot_firmware -- -j4 -l4
[6.944s] DEBUG:colcon.colcon_core.event_handler.log_command:Invoked command in '/home/don/noirbot_ws/src/build/noirbot_firmware' returned '0': CMAKE_PREFIX_PATH=${CMAKE_PREFIX_PATH}:/opt/ros/jazzy DEBUGINFOD_URLS=https://debuginfod.ubuntu.com /usr/bin/cmake --build /home/don/noirbot_ws/src/build/noirbot_firmware -- -j4 -l4
[6.945s] DEBUG:colcon.colcon_core.event_handler.log_command:Invoking command in '/home/don/noirbot_ws/src/build/noirbot_firmware': CMAKE_PREFIX_PATH=${CMAKE_PREFIX_PATH}:/opt/ros/jazzy DEBUGINFOD_URLS=https://debuginfod.ubuntu.com /usr/bin/cmake --install /home/don/noirbot_ws/src/build/noirbot_firmware
[6.961s] Level 1:colcon.colcon_core.environment:create_environment_scripts_only(noirbot_firmware)
[6.961s] Level 1:colcon.colcon_core.environment:checking '/home/don/noirbot_ws/src/install/noirbot_firmware' for CMake module files
[6.961s] DEBUG:colcon.colcon_core.event_handler.log_command:Invoked command in '/home/don/noirbot_ws/src/build/noirbot_firmware' returned '0': CMAKE_PREFIX_PATH=${CMAKE_PREFIX_PATH}:/opt/ros/jazzy DEBUGINFOD_URLS=https://debuginfod.ubuntu.com /usr/bin/cmake --install /home/don/noirbot_ws/src/build/noirbot_firmware
[6.962s] Level 1:colcon.colcon_core.environment:checking '/home/don/noirbot_ws/src/install/noirbot_firmware' for CMake config files
[6.962s] Level 1:colcon.colcon_core.shell:create_environment_hook('noirbot_firmware', 'cmake_prefix_path')
[6.962s] INFO:colcon.colcon_core.shell:Creating environment hook '/home/don/noirbot_ws/src/install/noirbot_firmware/share/noirbot_firmware/hook/cmake_prefix_path.ps1'
[6.963s] INFO:colcon.colcon_core.shell:Creating environment descriptor '/home/don/noirbot_ws/src/install/noirbot_firmware/share/noirbot_firmware/hook/cmake_prefix_path.dsv'
[6.963s] INFO:colcon.colcon_core.shell:Creating environment hook '/home/don/noirbot_ws/src/install/noirbot_firmware/share/noirbot_firmware/hook/cmake_prefix_path.sh'
[6.964s] Level 1:colcon.colcon_core.environment:checking '/home/don/noirbot_ws/src/install/noirbot_firmware/lib'
[6.964s] Level 1:colcon.colcon_core.shell:create_environment_hook('noirbot_firmware', 'ld_library_path_lib')
[6.964s] INFO:colcon.colcon_core.shell:Creating environment hook '/home/don/noirbot_ws/src/install/noirbot_firmware/share/noirbot_firmware/hook/ld_library_path_lib.ps1'
[6.965s] INFO:colcon.colcon_core.shell:Creating environment descriptor '/home/don/noirbot_ws/src/install/noirbot_firmware/share/noirbot_firmware/hook/ld_library_path_lib.dsv'
[6.965s] INFO:colcon.colcon_core.shell:Creating environment hook '/home/don/noirbot_ws/src/install/noirbot_firmware/share/noirbot_firmware/hook/ld_library_path_lib.sh'
[6.965s] Level 1:colcon.colcon_core.environment:checking '/home/don/noirbot_ws/src/install/noirbot_firmware/bin'
[6.965s] Level 1:colcon.colcon_core.environment:checking '/home/don/noirbot_ws/src/install/noirbot_firmware/lib/pkgconfig/noirbot_firmware.pc'
[6.966s] Level 1:colcon.colcon_core.environment:checking '/home/don/noirbot_ws/src/install/noirbot_firmware/lib/python3.12/site-packages'
[6.966s] Level 1:colcon.colcon_core.environment:checking '/home/don/noirbot_ws/src/install/noirbot_firmware/bin'
[6.966s] INFO:colcon.colcon_core.shell:Creating package script '/home/don/noirbot_ws/src/install/noirbot_firmware/share/noirbot_firmware/package.ps1'
[6.967s] INFO:colcon.colcon_core.shell:Creating package descriptor '/home/don/noirbot_ws/src/install/noirbot_firmware/share/noirbot_firmware/package.dsv'
[6.967s] INFO:colcon.colcon_core.shell:Creating package script '/home/don/noirbot_ws/src/install/noirbot_firmware/share/noirbot_firmware/package.sh'
[6.968s] INFO:colcon.colcon_core.shell:Creating package script '/home/don/noirbot_ws/src/install/noirbot_firmware/share/noirbot_firmware/package.bash'
[6.968s] INFO:colcon.colcon_core.shell:Creating package script '/home/don/noirbot_ws/src/install/noirbot_firmware/share/noirbot_firmware/package.zsh'
[6.969s] Level 1:colcon.colcon_core.environment:create_file_with_runtime_dependencies(/home/don/noirbot_ws/src/install/noirbot_firmware/share/colcon-core/packages/noirbot_firmware)
[6.969s] Level 1:colcon.colcon_core.environment:create_environment_scripts_only(noirbot_firmware)
[6.969s] Level 1:colcon.colcon_core.environment:checking '/home/don/noirbot_ws/src/install/noirbot_firmware' for CMake module files
[6.970s] Level 1:colcon.colcon_core.environment:checking '/home/don/noirbot_ws/src/install/noirbot_firmware' for CMake config files
[6.970s] Level 1:colcon.colcon_core.shell:create_environment_hook('noirbot_firmware', 'cmake_prefix_path')
[6.970s] INFO:colcon.colcon_core.shell:Creating environment hook '/home/don/noirbot_ws/src/install/noirbot_firmware/share/noirbot_firmware/hook/cmake_prefix_path.ps1'
[6.971s] INFO:colcon.colcon_core.shell:Creating environment descriptor '/home/don/noirbot_ws/src/install/noirbot_firmware/share/noirbot_firmware/hook/cmake_prefix_path.dsv'
[6.971s] INFO:colcon.colcon_core.shell:Creating environment hook '/home/don/noirbot_ws/src/install/noirbot_firmware/share/noirbot_firmware/hook/cmake_prefix_path.sh'
[6.971s] Level 1:colcon.colcon_core.environment:checking '/home/don/noirbot_ws/src/install/noirbot_firmware/lib'
[6.971s] Level 1:colcon.colcon_core.shell:create_environment_hook('noirbot_firmware', 'ld_library_path_lib')
[6.972s] INFO:colcon.colcon_core.shell:Creating environment hook '/home/don/noirbot_ws/src/install/noirbot_firmware/share/noirbot_firmware/hook/ld_library_path_lib.ps1'
[6.972s] INFO:colcon.colcon_core.shell:Creating environment descriptor '/home/don/noirbot_ws/src/install/noirbot_firmware/share/noirbot_firmware/hook/ld_library_path_lib.dsv'
[6.972s] INFO:colcon.colcon_core.shell:Creating environment hook '/home/don/noirbot_ws/src/install/noirbot_firmware/share/noirbot_firmware/hook/ld_library_path_lib.sh'
[6.973s] Level 1:colcon.colcon_core.environment:checking '/home/don/noirbot_ws/src/install/noirbot_firmware/bin'
[6.973s] Level 1:colcon.colcon_core.environment:checking '/home/don/noirbot_ws/src/install/noirbot_firmware/lib/pkgconfig/noirbot_firmware.pc'
[6.973s] Level 1:colcon.colcon_core.environment:checking '/home/don/noirbot_ws/src/install/noirbot_firmware/lib/python3.12/site-packages'
[6.973s] Level 1:colcon.colcon_core.environment:checking '/home/don/noirbot_ws/src/install/noirbot_firmware/bin'
[6.973s] INFO:colcon.colcon_core.shell:Creating package script '/home/don/noirbot_ws/src/install/noirbot_firmware/share/noirbot_firmware/package.ps1'
[6.974s] INFO:colcon.colcon_core.shell:Creating package descriptor '/home/don/noirbot_ws/src/install/noirbot_firmware/share/noirbot_firmware/package.dsv'
[6.974s] INFO:colcon.colcon_core.shell:Creating package script '/home/don/noirbot_ws/src/install/noirbot_firmware/share/noirbot_firmware/package.sh'
[6.975s] INFO:colcon.colcon_core.shell:Creating package script '/home/don/noirbot_ws/src/install/noirbot_firmware/share/noirbot_firmware/package.bash'
[6.975s] INFO:colcon.colcon_core.shell:Creating package script '/home/don/noirbot_ws/src/install/noirbot_firmware/share/noirbot_firmware/package.zsh'
[6.975s] Level 1:colcon.colcon_core.environment:create_file_with_runtime_dependencies(/home/don/noirbot_ws/src/install/noirbot_firmware/share/colcon-core/packages/noirbot_firmware)
[6.976s] DEBUG:colcon.colcon_parallel_executor.executor.parallel:closing loop
[6.976s] DEBUG:colcon.colcon_parallel_executor.executor.parallel:loop closed
[6.976s] DEBUG:colcon.colcon_parallel_executor.executor.parallel:run_until_complete finished with '0'
[6.976s] DEBUG:colcon.colcon_core.event_reactor:joining thread
[6.984s] INFO:colcon.colcon_core.plugin_system:Skipping extension 'colcon_notification.desktop_notification.terminal_notifier': Not used on non-Darwin systems
[6.985s] INFO:colcon.colcon_core.plugin_system:Skipping extension 'colcon_notification.desktop_notification.win32': Not used on non-Windows systems
[6.985s] INFO:colcon.colcon_notification.desktop_notification:Sending desktop notification using 'notify2'
[7.001s] DEBUG:colcon.colcon_core.event_reactor:joined thread
[7.001s] INFO:colcon.colcon_core.shell:Creating prefix script '/home/don/noirbot_ws/src/install/local_setup.ps1'
[7.002s] INFO:colcon.colcon_core.shell:Creating prefix util module '/home/don/noirbot_ws/src/install/_local_setup_util_ps1.py'
[7.003s] INFO:colcon.colcon_core.shell:Creating prefix chain script '/home/don/noirbot_ws/src/install/setup.ps1'
[7.004s] INFO:colcon.colcon_core.shell:Creating prefix script '/home/don/noirbot_ws/src/install/local_setup.sh'
[7.004s] INFO:colcon.colcon_core.shell:Creating prefix util module '/home/don/noirbot_ws/src/install/_local_setup_util_sh.py'
[7.005s] INFO:colcon.colcon_core.shell:Creating prefix chain script '/home/don/noirbot_ws/src/install/setup.sh'
[7.006s] INFO:colcon.colcon_core.shell:Creating prefix script '/home/don/noirbot_ws/src/install/local_setup.bash'
[7.006s] INFO:colcon.colcon_core.shell:Creating prefix chain script '/home/don/noirbot_ws/src/install/setup.bash'
[7.007s] INFO:colcon.colcon_core.shell:Creating prefix script '/home/don/noirbot_ws/src/install/local_setup.zsh'
[7.007s] INFO:colcon.colcon_core.shell:Creating prefix chain script '/home/don/noirbot_ws/src/install/setup.zsh'
