[0.017s] Invoking command in '/home/don/noirbot_ws/src/build/noirbot_description': CMAKE_PREFIX_PATH=${CMAKE_PREFIX_PATH}:/opt/ros/jazzy DEBUGINFOD_URLS=https://debuginfod.ubuntu.com /usr/bin/cmake /home/don/noirbot_ws/src/noirbot_description -DCMAKE_INSTALL_PREFIX=/home/don/noirbot_ws/src/install/noirbot_description
[0.083s] -- The C compiler identification is GNU 13.3.0
[0.157s] -- The CXX compiler identification is GNU 13.3.0
[0.175s] -- Detecting C compiler ABI info
[0.283s] -- Detecting C compiler ABI info - done
[0.297s] -- Check for working C compiler: /usr/bin/cc - skipped
[0.297s] -- Detecting C compile features
[0.298s] -- Detecting C compile features - done
[0.308s] -- Detecting CXX compiler ABI info
[0.430s] -- Detecting CXX compiler ABI info - done
[0.445s] -- Check for working CXX compiler: /usr/bin/c++ - skipped
[0.446s] -- Detecting CXX compile features
[0.446s] -- Detecting CXX compile features - done
[0.451s] -- Found ament_cmake: 2.5.6 (/opt/ros/jazzy/share/ament_cmake/cmake)
[0.655s] -- Found Python3: /usr/bin/python3 (found version "3.12.3") found components: Interpreter 
[0.828s] -- Found ament_lint_auto: 0.17.5 (/opt/ros/jazzy/share/ament_lint_auto/cmake)
[0.989s] -- Added test 'flake8' to check Python code syntax and style conventions
[0.990s] -- Configured 'flake8' exclude dirs and/or files: 
[0.990s] -- Added test 'lint_cmake' to check CMake code style
[0.991s] -- Added test 'pep257' to check Python code against some of the docstring style conventions in PEP 257
[0.993s] -- Added test 'xmllint' to check XML markup files
[0.995s] -- Configuring done (1.0s)
[1.002s] -- Generating done (0.0s)
[1.004s] -- Build files have been written to: /home/don/noirbot_ws/src/build/noirbot_description
[1.010s] Invoked command in '/home/don/noirbot_ws/src/build/noirbot_description' returned '0': CMAKE_PREFIX_PATH=${CMAKE_PREFIX_PATH}:/opt/ros/jazzy DEBUGINFOD_URLS=https://debuginfod.ubuntu.com /usr/bin/cmake /home/don/noirbot_ws/src/noirbot_description -DCMAKE_INSTALL_PREFIX=/home/don/noirbot_ws/src/install/noirbot_description
[1.012s] Invoking command in '/home/don/noirbot_ws/src/build/noirbot_description': CMAKE_PREFIX_PATH=${CMAKE_PREFIX_PATH}:/opt/ros/jazzy DEBUGINFOD_URLS=https://debuginfod.ubuntu.com /usr/bin/cmake --build /home/don/noirbot_ws/src/build/noirbot_description -- -j4 -l4
[1.058s] Invoked command in '/home/don/noirbot_ws/src/build/noirbot_description' returned '0': CMAKE_PREFIX_PATH=${CMAKE_PREFIX_PATH}:/opt/ros/jazzy DEBUGINFOD_URLS=https://debuginfod.ubuntu.com /usr/bin/cmake --build /home/don/noirbot_ws/src/build/noirbot_description -- -j4 -l4
[1.069s] Invoking command in '/home/don/noirbot_ws/src/build/noirbot_description': CMAKE_PREFIX_PATH=${CMAKE_PREFIX_PATH}:/opt/ros/jazzy DEBUGINFOD_URLS=https://debuginfod.ubuntu.com /usr/bin/cmake --install /home/don/noirbot_ws/src/build/noirbot_description
[1.078s] -- Install configuration: ""
[1.078s] -- Installing: /home/don/noirbot_ws/src/install/noirbot_description/share/noirbot_description/urdf
[1.078s] -- Installing: /home/don/noirbot_ws/src/install/noirbot_description/share/noirbot_description/urdf/noirbot_ros2_control.xacro
[1.078s] -- Installing: /home/don/noirbot_ws/src/install/noirbot_description/share/noirbot_description/urdf/noirbot.urdf.xacro
[1.079s] -- Installing: /home/don/noirbot_ws/src/install/noirbot_description/share/noirbot_description/meshes
[1.079s] -- Installing: /home/don/noirbot_ws/src/install/noirbot_description/share/noirbot_description/meshes/X4.STL
[1.088s] -- Installing: /home/don/noirbot_ws/src/install/noirbot_description/share/noirbot_description/meshes/base_link.STL
[1.100s] -- Installing: /home/don/noirbot_ws/src/install/noirbot_description/share/noirbot_description/meshes/wheel_left_link.STL
[1.101s] -- Installing: /home/don/noirbot_ws/src/install/noirbot_description/share/noirbot_description/meshes/wheel_right_link.STL
[1.103s] -- Installing: /home/don/noirbot_ws/src/install/noirbot_description/share/noirbot_description/meshes/imu_link.STL
[1.103s] -- Installing: /home/don/noirbot_ws/src/install/noirbot_description/share/noirbot_description/launch
[1.103s] -- Installing: /home/don/noirbot_ws/src/install/noirbot_description/share/noirbot_description/launch/view.launch.py
[1.103s] -- Installing: /home/don/noirbot_ws/src/install/noirbot_description/share/noirbot_description/rviz
[1.104s] -- Installing: /home/don/noirbot_ws/src/install/noirbot_description/share/noirbot_description/rviz/noirbot.rviz
[1.104s] -- Installing: /home/don/noirbot_ws/src/install/noirbot_description/share/ament_index/resource_index/package_run_dependencies/noirbot_description
[1.104s] -- Installing: /home/don/noirbot_ws/src/install/noirbot_description/share/ament_index/resource_index/parent_prefix_path/noirbot_description
[1.104s] -- Installing: /home/don/noirbot_ws/src/install/noirbot_description/share/noirbot_description/environment/ament_prefix_path.sh
[1.104s] -- Installing: /home/don/noirbot_ws/src/install/noirbot_description/share/noirbot_description/environment/ament_prefix_path.dsv
[1.105s] -- Installing: /home/don/noirbot_ws/src/install/noirbot_description/share/noirbot_description/environment/path.sh
[1.105s] -- Installing: /home/don/noirbot_ws/src/install/noirbot_description/share/noirbot_description/environment/path.dsv
[1.105s] -- Installing: /home/don/noirbot_ws/src/install/noirbot_description/share/noirbot_description/local_setup.bash
[1.105s] -- Installing: /home/don/noirbot_ws/src/install/noirbot_description/share/noirbot_description/local_setup.sh
[1.105s] -- Installing: /home/don/noirbot_ws/src/install/noirbot_description/share/noirbot_description/local_setup.zsh
[1.105s] -- Installing: /home/don/noirbot_ws/src/install/noirbot_description/share/noirbot_description/local_setup.dsv
[1.106s] -- Installing: /home/don/noirbot_ws/src/install/noirbot_description/share/noirbot_description/package.dsv
[1.106s] -- Installing: /home/don/noirbot_ws/src/install/noirbot_description/share/ament_index/resource_index/packages/noirbot_description
[1.106s] -- Installing: /home/don/noirbot_ws/src/install/noirbot_description/share/noirbot_description/cmake/noirbot_descriptionConfig.cmake
[1.106s] -- Installing: /home/don/noirbot_ws/src/install/noirbot_description/share/noirbot_description/cmake/noirbot_descriptionConfig-version.cmake
[1.106s] -- Installing: /home/don/noirbot_ws/src/install/noirbot_description/share/noirbot_description/package.xml
[1.113s] Invoked command in '/home/don/noirbot_ws/src/build/noirbot_description' returned '0': CMAKE_PREFIX_PATH=${CMAKE_PREFIX_PATH}:/opt/ros/jazzy DEBUGINFOD_URLS=https://debuginfod.ubuntu.com /usr/bin/cmake --install /home/don/noirbot_ws/src/build/noirbot_description
