[0.022s] Invoking command in '/home/don/noirbot_ws/src/build/noirbot_bringup': CMAKE_PREFIX_PATH=${CMAKE_PREFIX_PATH}:/opt/ros/jazzy DEBUGINFOD_URLS=https://debuginfod.ubuntu.com /usr/bin/cmake /home/don/noirbot_ws/src/noirbot_bringup -DCMAKE_INSTALL_PREFIX=/home/don/noirbot_ws/src/install/noirbot_bringup
[0.093s] -- The C compiler identification is GNU 13.3.0
[0.168s] -- The CXX compiler identification is GNU 13.3.0
[0.185s] -- Detecting C compiler ABI info
[0.293s] -- Detecting C compiler ABI info - done
[0.307s] -- Check for working C compiler: /usr/bin/cc - skipped
[0.307s] -- Detecting C compile features
[0.307s] -- Detecting C compile features - done
[0.317s] -- Detecting CXX compiler ABI info
[0.444s] -- Detecting CXX compiler ABI info - done
[0.455s] -- Check for working CXX compiler: /usr/bin/c++ - skipped
[0.455s] -- Detecting CXX compile features
[0.456s] -- Detecting CXX compile features - done
[0.461s] -- Found ament_cmake: 2.5.6 (/opt/ros/jazzy/share/ament_cmake/cmake)
[0.665s] -- Found Python3: /usr/bin/python3 (found version "3.12.3") found components: Interpreter 
[0.834s] -- Found ament_lint_auto: 0.17.5 (/opt/ros/jazzy/share/ament_lint_auto/cmake)
[1.004s] -- Added test 'copyright' to check source files copyright and LICENSE
[1.009s] -- Added test 'flake8' to check Python code syntax and style conventions
[1.009s] -- Configured 'flake8' exclude dirs and/or files: 
[1.009s] -- Added test 'lint_cmake' to check CMake code style
[1.009s] -- Added test 'pep257' to check Python code against some of the docstring style conventions in PEP 257
[1.011s] -- Added test 'xmllint' to check XML markup files
[1.013s] -- Configuring done (1.0s)
[1.016s] -- Generating done (0.0s)
[1.018s] -- Build files have been written to: /home/don/noirbot_ws/src/build/noirbot_bringup
[1.024s] Invoked command in '/home/don/noirbot_ws/src/build/noirbot_bringup' returned '0': CMAKE_PREFIX_PATH=${CMAKE_PREFIX_PATH}:/opt/ros/jazzy DEBUGINFOD_URLS=https://debuginfod.ubuntu.com /usr/bin/cmake /home/don/noirbot_ws/src/noirbot_bringup -DCMAKE_INSTALL_PREFIX=/home/don/noirbot_ws/src/install/noirbot_bringup
[1.025s] Invoking command in '/home/don/noirbot_ws/src/build/noirbot_bringup': CMAKE_PREFIX_PATH=${CMAKE_PREFIX_PATH}:/opt/ros/jazzy DEBUGINFOD_URLS=https://debuginfod.ubuntu.com /usr/bin/cmake --build /home/don/noirbot_ws/src/build/noirbot_bringup -- -j4 -l4
[1.079s] Invoked command in '/home/don/noirbot_ws/src/build/noirbot_bringup' returned '0': CMAKE_PREFIX_PATH=${CMAKE_PREFIX_PATH}:/opt/ros/jazzy DEBUGINFOD_URLS=https://debuginfod.ubuntu.com /usr/bin/cmake --build /home/don/noirbot_ws/src/build/noirbot_bringup -- -j4 -l4
[1.080s] Invoking command in '/home/don/noirbot_ws/src/build/noirbot_bringup': CMAKE_PREFIX_PATH=${CMAKE_PREFIX_PATH}:/opt/ros/jazzy DEBUGINFOD_URLS=https://debuginfod.ubuntu.com /usr/bin/cmake --install /home/don/noirbot_ws/src/build/noirbot_bringup
[1.090s] -- Install configuration: ""
[1.090s] -- Installing: /home/don/noirbot_ws/src/install/noirbot_bringup/share/noirbot_bringup/launch
[1.090s] -- Installing: /home/don/noirbot_ws/src/install/noirbot_bringup/share/noirbot_bringup/launch/noirbot.launch.py
[1.090s] -- Installing: /home/don/noirbot_ws/src/install/noirbot_bringup/share/noirbot_bringup/config
[1.090s] -- Installing: /home/don/noirbot_ws/src/install/noirbot_bringup/share/noirbot_bringup/config/noirbot_controllers.yaml
[1.090s] -- Installing: /home/don/noirbot_ws/src/install/noirbot_bringup/share/ament_index/resource_index/package_run_dependencies/noirbot_bringup
[1.091s] -- Installing: /home/don/noirbot_ws/src/install/noirbot_bringup/share/ament_index/resource_index/parent_prefix_path/noirbot_bringup
[1.091s] -- Installing: /home/don/noirbot_ws/src/install/noirbot_bringup/share/noirbot_bringup/environment/ament_prefix_path.sh
[1.091s] -- Installing: /home/don/noirbot_ws/src/install/noirbot_bringup/share/noirbot_bringup/environment/ament_prefix_path.dsv
[1.091s] -- Installing: /home/don/noirbot_ws/src/install/noirbot_bringup/share/noirbot_bringup/environment/path.sh
[1.091s] -- Installing: /home/don/noirbot_ws/src/install/noirbot_bringup/share/noirbot_bringup/environment/path.dsv
[1.091s] -- Installing: /home/don/noirbot_ws/src/install/noirbot_bringup/share/noirbot_bringup/local_setup.bash
[1.092s] -- Installing: /home/don/noirbot_ws/src/install/noirbot_bringup/share/noirbot_bringup/local_setup.sh
[1.092s] -- Installing: /home/don/noirbot_ws/src/install/noirbot_bringup/share/noirbot_bringup/local_setup.zsh
[1.092s] -- Installing: /home/don/noirbot_ws/src/install/noirbot_bringup/share/noirbot_bringup/local_setup.dsv
[1.092s] -- Installing: /home/don/noirbot_ws/src/install/noirbot_bringup/share/noirbot_bringup/package.dsv
[1.092s] -- Installing: /home/don/noirbot_ws/src/install/noirbot_bringup/share/ament_index/resource_index/packages/noirbot_bringup
[1.092s] -- Installing: /home/don/noirbot_ws/src/install/noirbot_bringup/share/noirbot_bringup/cmake/noirbot_bringupConfig.cmake
[1.092s] -- Installing: /home/don/noirbot_ws/src/install/noirbot_bringup/share/noirbot_bringup/cmake/noirbot_bringupConfig-version.cmake
[1.092s] -- Installing: /home/don/noirbot_ws/src/install/noirbot_bringup/share/noirbot_bringup/package.xml
[1.094s] Invoked command in '/home/don/noirbot_ws/src/build/noirbot_bringup' returned '0': CMAKE_PREFIX_PATH=${CMAKE_PREFIX_PATH}:/opt/ros/jazzy DEBUGINFOD_URLS=https://debuginfod.ubuntu.com /usr/bin/cmake --install /home/don/noirbot_ws/src/build/noirbot_bringup
