-- The CXX compiler identification is GNU 13.3.0
-- Detecting CXX compiler ABI info
-- Detecting CXX compiler ABI info - done
-- Check for working CXX compiler: /usr/bin/c++ - skipped
-- Detecting CXX compile features
-- Detecting CXX compile features - done
-- Found ament_cmake: 2.5.6 (/opt/ros/jazzy/share/ament_cmake/cmake)
-- Found Python3: /usr/bin/python3 (found version "3.12.3") found components: Interpreter 
-- Found hardware_interface: 4.48.0 (/opt/ros/jazzy/share/hardware_interface/cmake)
-- Found rosidl_generator_c: 4.6.9 (/opt/ros/jazzy/share/rosidl_generator_c/cmake)
-- Found rosidl_generator_cpp: 4.6.9 (/opt/ros/jazzy/share/rosidl_generator_cpp/cmake)
-- Using all available rosidl_typesupport_c: rosidl_typesupport_fastrtps_c;rosidl_typesupport_introspection_c
-- Using all available rosidl_typesupport_cpp: rosidl_typesupport_fastrtps_cpp;rosidl_typesupport_introspection_cpp
-- Found TinyXML2 via Config file: /usr/lib/x86_64-linux-gnu/cmake/tinyxml2
-- Found rmw_implementation_cmake: 7.3.3 (/opt/ros/jazzy/share/rmw_implementation_cmake/cmake)
-- Found rmw_fastrtps_cpp: 8.4.4 (/opt/ros/jazzy/share/rmw_fastrtps_cpp/cmake)
-- Found TinyXML2 via Config file: /usr/lib/x86_64-linux-gnu/cmake/tinyxml2
-- Found OpenSSL: /usr/lib/x86_64-linux-gnu/libcrypto.so (found version "3.0.13")  
-- Found TinyXML2 via Config file: /usr/lib/x86_64-linux-gnu/cmake/tinyxml2
-- Found FastRTPS: /opt/ros/jazzy/include (Required is at least version "2.13") 
-- Found TinyXML2 via Config file: /usr/lib/x86_64-linux-gnu/cmake/tinyxml2
-- Found TinyXML2 via Config file: /usr/lib/x86_64-linux-gnu/cmake/tinyxml2
-- Using RMW implementation 'rmw_fastrtps_cpp' as default
-- Found Boost: /usr/lib/x86_64-linux-gnu/cmake/Boost-1.83.0/BoostConfig.cmake (found version "1.83.0")  
-- Found ament_lint_auto: 0.17.5 (/opt/ros/jazzy/share/ament_lint_auto/cmake)
-- Added test 'copyright' to check source files copyright and LICENSE
-- Added test 'cppcheck' to perform static code analysis on C / C++ code
-- Configured cppcheck include dirs: $<BUILD_INTERFACE:/home/don/noirbot_ws/src/noirbot_firmware/include>
-- Configured cppcheck exclude dirs and/or files: 
-- Added test 'cpplint' to check C / C++ code against the Google style
-- Configured cpplint exclude dirs and/or files: 
-- Added test 'lint_cmake' to check CMake code style
-- Added test 'uncrustify' to check C / C++ code style
-- Configured uncrustify additional arguments: 
-- Added test 'xmllint' to check XML markup files
-- Configuring done (1.9s)
-- Generating done (0.0s)
-- Build files have been written to: /home/don/noirbot_ws/src/build/noirbot_firmware
[ 66%] [32mBuilding CXX object CMakeFiles/noirbot_firmware.dir/src/noir_interface.cpp.o[0m
[ 66%] [32mBuilding CXX object CMakeFiles/noirbot_firmware.dir/src/serial_port.cpp.o[0m
[100%] [32m[1mLinking CXX shared library libnoirbot_firmware.so[0m
[100%] Built target noirbot_firmware
-- Install configuration: ""
-- Installing: /home/don/noirbot_ws/src/install/noirbot_firmware/share/noirbot_firmware/noirbot_firmware.xml
-- Installing: /home/don/noirbot_ws/src/install/noirbot_firmware/include
-- Installing: /home/don/noirbot_ws/src/install/noirbot_firmware/include/noir_firmware
-- Installing: /home/don/noirbot_ws/src/install/noirbot_firmware/include/noir_firmware/noir_interface.hpp
-- Installing: /home/don/noirbot_ws/src/install/noirbot_firmware/include/noir_firmware/serial_port.hpp
-- Installing: /home/don/noirbot_ws/src/install/noirbot_firmware/lib/libnoirbot_firmware.so
-- Set non-toolchain portion of runtime path of "/home/don/noirbot_ws/src/install/noirbot_firmware/lib/libnoirbot_firmware.so" to ""
-- Installing: /home/don/noirbot_ws/src/install/noirbot_firmware/share/noirbot_firmware/environment/library_path.sh
-- Installing: /home/don/noirbot_ws/src/install/noirbot_firmware/share/noirbot_firmware/environment/library_path.dsv
-- Installing: /home/don/noirbot_ws/src/install/noirbot_firmware/share/ament_index/resource_index/package_run_dependencies/noirbot_firmware
-- Installing: /home/don/noirbot_ws/src/install/noirbot_firmware/share/ament_index/resource_index/parent_prefix_path/noirbot_firmware
-- Installing: /home/don/noirbot_ws/src/install/noirbot_firmware/share/noirbot_firmware/environment/ament_prefix_path.sh
-- Installing: /home/don/noirbot_ws/src/install/noirbot_firmware/share/noirbot_firmware/environment/ament_prefix_path.dsv
-- Installing: /home/don/noirbot_ws/src/install/noirbot_firmware/share/noirbot_firmware/environment/path.sh
-- Installing: /home/don/noirbot_ws/src/install/noirbot_firmware/share/noirbot_firmware/environment/path.dsv
-- Installing: /home/don/noirbot_ws/src/install/noirbot_firmware/share/noirbot_firmware/local_setup.bash
-- Installing: /home/don/noirbot_ws/src/install/noirbot_firmware/share/noirbot_firmware/local_setup.sh
-- Installing: /home/don/noirbot_ws/src/install/noirbot_firmware/share/noirbot_firmware/local_setup.zsh
-- Installing: /home/don/noirbot_ws/src/install/noirbot_firmware/share/noirbot_firmware/local_setup.dsv
-- Installing: /home/don/noirbot_ws/src/install/noirbot_firmware/share/noirbot_firmware/package.dsv
-- Installing: /home/don/noirbot_ws/src/install/noirbot_firmware/share/ament_index/resource_index/packages/noirbot_firmware
-- Installing: /home/don/noirbot_ws/src/install/noirbot_firmware/share/ament_index/resource_index/hardware_interface__pluginlib__plugin/noirbot_firmware
-- Installing: /home/don/noirbot_ws/src/install/noirbot_firmware/share/noirbot_firmware/cmake/export_noirbot_firmwareExport.cmake
-- Installing: /home/don/noirbot_ws/src/install/noirbot_firmware/share/noirbot_firmware/cmake/export_noirbot_firmwareExport-noconfig.cmake
-- Installing: /home/don/noirbot_ws/src/install/noirbot_firmware/share/noirbot_firmware/cmake/ament_cmake_export_targets-extras.cmake
-- Installing: /home/don/noirbot_ws/src/install/noirbot_firmware/share/noirbot_firmware/cmake/ament_cmake_export_dependencies-extras.cmake
-- Installing: /home/don/noirbot_ws/src/install/noirbot_firmware/share/noirbot_firmware/cmake/ament_cmake_export_include_directories-extras.cmake
-- Installing: /home/don/noirbot_ws/src/install/noirbot_firmware/share/noirbot_firmware/cmake/noirbot_firmwareConfig.cmake
-- Installing: /home/don/noirbot_ws/src/install/noirbot_firmware/share/noirbot_firmware/cmake/noirbot_firmwareConfig-version.cmake
-- Installing: /home/don/noirbot_ws/src/install/noirbot_firmware/share/noirbot_firmware/package.xml
